// Jest Snapshot v1, https://goo.gl/fbAQLP

exports[`Badge should match snapshot 1`] = `
<div>
  <div
    class="rounded-lg text-xs w-fit p-1"
    style="color: white;"
  >
    React
  </div>
</div>
`;
